simple_test--------channel: channel1--------
will notify #channel1
{ "channel": "channel1", "text": "msgblah" }
simple_test--------channel: otherone--------
will notify #otherone
{ "channel": "otherone", "text": "mrkdown here _msgblah_ " }
simple_test--------channel: otherone--------
will notify #otherone
{ "channel": "otherone", "text": "new line \n  _msgblah_ " }
as_user_test--------channel: channel1--------
will notify #channel1
{
  "channel": "channel1",
  "text": "msgblah",
  "username": "me",
  "icon_url": "https://example.com/some.jpg",
  "icon_emoji": ":thumbsup:"
}
as_user_test--------channel: otherone--------
will notify #otherone
{
  "channel": "otherone",
  "text": "mrkdown here _msgblah_ ",
  "username": "me",
  "icon_url": "https://example.com/some.jpg",
  "icon_emoji": ":thumbsup:"
}
as_user_test--------channel: otherone--------
will notify #otherone
{
  "channel": "otherone",
  "text": "new line \n  _msgblah_ ",
  "username": "me",
  "icon_url": "https://example.com/some.jpg",
  "icon_emoji": ":thumbsup:"
}
get_user_test--------user: U046XN0M2R5--------
{
  "ok": true,
  "user": {
    "id": "U046XN0M2R5",
    "is_admin": true,
    "is_owner": true,
    "profile": {
      "display_name": "",
      "display_name_normalized": "",
      "email": "sewen.thy@ahrefs.com",
      "first_name": "sewen.thy",
      "phone": "",
      "real_name": "sewen.thy",
      "real_name_normalized": "sewen.thy",
      "status_emoji": "",
      "status_expiration": 0,
      "status_text": "",
      "team": "SOMETEAMID",
      "title": "",
      "image_512": "https://example.com/image.png"
    },
    "tz": "Asia/Kuala_Lumpur",
    "tz_label": "Singapore Standard Time",
    "tz_offset": 28800,
    "updated": 1666261185
  }
}
get_user_test--------user: U04A3C2LC6N--------
{
  "ok": true,
  "user": {
    "id": "U04A3C2LC6N",
    "is_bot": true,
    "profile": {
      "display_name": "",
      "display_name_normalized": "",
      "first_name": "somebot",
      "phone": "",
      "real_name": "somebot",
      "real_name_normalized": "somebot",
      "status_emoji": "",
      "status_expiration": 0,
      "status_text": "",
      "team": "SOMETEAMID",
      "title": ""
    },
    "tz": "America/Los_Angeles",
    "tz_label": "Pacific Standard Time",
    "tz_offset": -28800,
    "updated": 1667958788
  }
}
get_user_test--------user: UG3UGF1AM--------
{
  "ok": true,
  "user": {
    "id": "UG3UGF1AM",
    "is_admin": true,
    "is_owner": true,
    "profile": {
      "display_name": "",
      "display_name_normalized": "",
      "phone": "",
      "real_name": "louis",
      "real_name_normalized": "louis",
      "status_emoji": "",
      "status_expiration": 0,
      "status_text": "",
      "team": "SOMETEAMID",
      "title": "",
      "image_512": "https://example.com/image.png"
    },
    "tz": "Asia/Kuala_Lumpur",
    "tz_label": "Singapore Standard Time",
    "tz_offset": 28800,
    "updated": 1674013969
  }
}
get_conversations_replies--------channel: D049WPTCGMC--------
{
  "messages": [
    {
      "type": "message",
      "ts": "1675329533.687169",
      "thread_ts": "1675329533.687169",
      "user": "U04A3C2LC6N",
      "text": "ello",
      "reply_count": 4,
      "subscribed": false
    },
    {
      "type": "message",
      "ts": "1675329544.950899",
      "thread_ts": "1675329533.687169",
      "user": "U046XN0M2R5",
      "text": "in z threads",
      "parent_user_id": "U04A3C2LC6N"
    },
    {
      "type": "message",
      "ts": "1675329548.141789",
      "thread_ts": "1675329533.687169",
      "user": "U046XN0M2R5",
      "text": "i have other messages",
      "parent_user_id": "U04A3C2LC6N"
    },
    {
      "type": "message",
      "ts": "1675329549.203589",
      "thread_ts": "1675329533.687169",
      "user": "U046XN0M2R5",
      "text": "wow",
      "parent_user_id": "U04A3C2LC6N"
    },
    {
      "type": "message",
      "ts": "1675329551.660279",
      "thread_ts": "1675329533.687169",
      "user": "U046XN0M2R5",
      "text": "many messages",
      "parent_user_id": "U04A3C2LC6N"
    }
  ],
  "ok": true,
  "has_more": false
}
get_conversations_replies--------channel: D049WPTCGMC--------
{
  "messages": [
    {
      "type": "message",
      "ts": "1675329544.950899",
      "thread_ts": "1675329533.687169",
      "user": "U046XN0M2R5",
      "text": "in z threads",
      "parent_user_id": "U04A3C2LC6N"
    }
  ],
  "ok": true,
  "has_more": false
}
get_conversations_replies--------channel: D049WPTCGMC--------
{
  "messages": [
    {
      "type": "message",
      "ts": "1675330543.480229",
      "user": "U046XN0M2R5",
      "text": "i try"
    }
  ],
  "ok": true,
  "has_more": false
}
get_conversations_replies--------channel: D049WPTCGMC--------
{
  "messages": [
    {
      "type": "message",
      "ts": "1675329534.687279",
      "thread_ts": "1675329534.687279",
      "user": "U04A3C2LC6N",
      "text": "ello",
      "reply_count": 4,
      "subscribed": false
    },
    {
      "type": "message",
      "ts": "1675329544.950899",
      "thread_ts": "1675329534.687279",
      "user": "U046XN0M2R5",
      "text": "in z threads",
      "parent_user_id": "U04A3C2LC6N"
    },
    {
      "type": "message",
      "ts": "1675329548.141789",
      "thread_ts": "1675329534.687279",
      "user": "U046XN0M2R5",
      "text": "i have other messages",
      "parent_user_id": "U04A3C2LC6N"
    }
  ],
  "ok": true,
  "has_more": true,
  "response_metadata": { "next_cursor": "bmV4dF90czoxNjc1MzI5NTQ5MjAzNTg5" }
}
get_conversations_info--------channel: C049XFXK286--------
{
  "ok": true,
  "channel": {
    "id": "C049XFXK286",
    "name": "channel1",
    "is_channel": true,
    "is_member": true,
    "topic": { "value": "", "creator": "", "last_set": 0 },
    "purpose": { "value": "", "creator": "", "last_set": 0 }
  }
}
channel type is: channel
get_conversations_info--------channel: C04CXBYNC68--------
{
  "ok": true,
  "channel": {
    "id": "C04CXBYNC68",
    "name": "mpdm-sewen.thy--bot1--bot2",
    "is_channel": true,
    "is_member": true,
    "topic": { "value": "", "creator": "", "last_set": 0 },
    "purpose": {
      "value": "Group messaging with: @sewen.thy @bot1 @bot2",
      "creator": "U046XN0M2R5",
      "last_set": 1669703508
    }
  }
}
channel type is: channel
get_conversations_info--------channel: D049WPTCGMC--------
{
  "ok": true,
  "channel": { "id": "D049WPTCGMC", "is_im": true, "user": "U046XN0M2R5" }
}
channel type is: direct message
get_conversations_history--------channel: C049XFXK286--------
{
  "messages": [
    {
      "type": "message",
      "ts": "1727925675.995379",
      "user": "U07NMN2LQUR",
      "text": "<@U07NMN2LQUR> has joined the channel",
      "subtype": "channel_join"
    },
    {
      "type": "message",
      "ts": "1727771931.938959",
      "thread_ts": "1727771931.938959",
      "user": "U07NBD2PZ36",
      "text": "ds",
      "reply_count": 6,
      "subscribed": false
    },
    {
      "type": "message",
      "ts": "1727771579.590079",
      "user": "U07NBD2PZ36",
      "text": "dse",
      "reactions": [ { "name": "raised_hands" } ]
    },
    {
      "type": "message",
      "ts": "1727771467.008679",
      "user": "U07NBD2PZ36",
      "text": "ds",
      "reactions": [ { "name": "eyes" } ]
    },
    {
      "type": "message",
      "ts": "1727770954.187009",
      "user": "U07NBD2PZ36",
      "text": "test message",
      "reactions": [ { "name": "white_check_mark" } ]
    },
    {
      "type": "message",
      "ts": "1727770932.264889",
      "user": "U07PCFRHVGX",
      "text": "<@U07PCFRHVGX> has joined the channel",
      "subtype": "channel_join"
    },
    {
      "type": "message",
      "ts": "1727412663.419999",
      "user": "U07NMN2LQUR",
      "text": "<@U07NMN2LQUR> has joined the channel",
      "subtype": "channel_join"
    },
    {
      "type": "message",
      "ts": "1726799277.028339",
      "user": "U07NBD2PZ36",
      "text": "<@U07NBD2PZ36> has joined the channel",
      "subtype": "channel_join"
    }
  ],
  "ok": true,
  "has_more": false
}
get_conversations_history--------channel: C04CXBYNC68--------
{
  "messages": [
    {
      "type": "message",
      "ts": "1512085950.000216",
      "user": "U123ABC456",
      "text": "I find you punny and would like to smell your nose letter"
    }
  ],
  "ok": true,
  "has_more": true,
  "response_metadata": { "next_cursor": "bmV4dF90czoxNTEyMzU2NTI2MDAwMTMw" }
}
get_conversations_history--------channel: D049WPTCGMC--------
{ "ok": false }
get_conversations_replies--------channel: C047C6ECFNX--------
joining #C047C6ECFNX...
{
  "channel": {
    "id": "C047C6ECFNX",
    "name": "random",
    "is_channel": true,
    "is_member": true,
    "topic": { "value": "", "creator": "", "last_set": 0 },
    "purpose": {
      "value": "This channel is for... well, everything else. It’s a place for team jokes, spur-of-the-moment ideas, and funny GIFs. Go wild!",
      "creator": "U046XN0M2R5",
      "last_set": 1666261186
    }
  }
}
get_conversations_replies--------channel: C049XFXK286--------
joining #C049XFXK286...
{
  "channel": {
    "id": "C049XFXK286",
    "name": "channel1",
    "is_channel": true,
    "is_member": true,
    "topic": { "value": "", "creator": "", "last_set": 0 },
    "purpose": { "value": "", "creator": "", "last_set": 0 }
  },
  "warning": "already_in_channel",
  "response_metadata": { "warnings": [ "already_in_channel" ] }
}
upload_file_to--------channels: C049XFXK286--------
will update #C049XFXK286
{ "channels": "C049XFXK286", "content": "some file content here" }
{
  "ok": true,
  "file": { "id": "SOME_FILE_ID", "channels": [ "C049XFXK286" ] }
}
upload_file_to--------channels: C04CXBYNC68--------
will update #C04CXBYNC68
{
  "channels": "C04CXBYNC68",
  "content": "some file content there weird characters 1i0134uuuoqiwejfm_()/,sadlk.asd\\slqwep[ofjvn"
}
{
  "ok": true,
  "file": { "id": "SOME_FILE_ID", "channels": [ "C04CXBYNC68" ] }
}
update_users_of--------usergroup: S04XV4DF0LQ--------
updating #S04XV4DF0LQ...
{
  "ok": true,
  "usergroup": {
    "id": "S04XV4DF0LQ",
    "team_id": "SOMETEAMID",
    "is_usergroup": true,
    "name": "test_usergroup",
    "description": "",
    "handle": "test_usg",
    "date_create": 1675653536,
    "date_update": 1675654357,
    "date_delete": 0,
    "created_by": "U046XN0M2R5",
    "updated_by": "U04A3C2LC6N",
    "users": [ "U046XN0M2R5", "U04D7HU80BT" ],
    "user_count": 2
  }
}
update_users_of--------usergroup: S04NV4DF0LQ--------
updating #S04NV4DF0LQ...
{
  "ok": true,
  "usergroup": {
    "id": "S04NV4DF0LQ",
    "team_id": "SOMETEAMID",
    "is_usergroup": true,
    "name": "test_usergroup",
    "description": "",
    "handle": "test_usg",
    "date_create": 1675653536,
    "date_update": 1675654357,
    "date_delete": 0,
    "created_by": "U046XN0M2R5",
    "updated_by": "U04A3C2LC6N",
    "users": [ "U046XN0M2R5" ],
    "user_count": 1
  }
}
list_usergroups_of--------team_id: T0475L7BATY--------
{
  "ok": true,
  "usergroups": [
    {
      "id": "S04NV4DF0LQ",
      "team_id": "T0475L7BATY",
      "is_usergroup": true,
      "name": "test_usergroup",
      "description": "",
      "handle": "test_usg",
      "date_create": 1675653536,
      "date_update": 1678180163,
      "date_delete": 1678180163,
      "created_by": "U046XN0M2R5",
      "updated_by": "USLACKBOT",
      "deleted_by": "USLACKBOT",
      "user_count": 2
    }
  ]
}
list_usergroup_users_of--------usergroup_id: S04NV4DF0LQ--------
listing #S04NV4DF0LQ...
{ "ok": true, "users": [ "U046XN0M2R5", "U04D7HU80BT" ] }
list_users--------cursor: dXNlcjpVMDQ2WE4wTTJSNQ==--------
listing at cursor #dXNlcjpVMDQ2WE4wTTJSNQ==...
{
  "ok": true,
  "members": [
    {
      "id": "USLACKBOT",
      "profile": {
        "display_name": "Slackbot",
        "display_name_normalized": "Slackbot",
        "first_name": "slackbot",
        "phone": "",
        "real_name": "Slackbot",
        "real_name_normalized": "Slackbot",
        "status_emoji": "",
        "status_expiration": 0,
        "status_text": "",
        "team": "T0475L7BATY",
        "title": "",
        "image_24": "https://a.slack-edge.com/80588/img/slackbot_24.png",
        "image_32": "https://a.slack-edge.com/80588/img/slackbot_32.png",
        "image_48": "https://a.slack-edge.com/80588/img/slackbot_48.png",
        "image_72": "https://a.slack-edge.com/80588/img/slackbot_72.png",
        "image_192": "https://a.slack-edge.com/80588/marketing/img/avatars/slackbot/avatar-slackbot.png",
        "image_512": "https://a.slack-edge.com/80588/img/slackbot_512.png"
      },
      "tz": "America/Los_Angeles",
      "tz_label": "Pacific Daylight Time",
      "tz_offset": -25200,
      "updated": 0
    },
    {
      "id": "U046XN0M2R5",
      "is_admin": true,
      "is_owner": true,
      "profile": {
        "display_name": "",
        "display_name_normalized": "",
        "email": "sewen.thy@ahrefs.com",
        "first_name": "sewen.thy",
        "phone": "",
        "real_name": "sewen.thy",
        "real_name_normalized": "sewen.thy",
        "status_emoji": "",
        "status_expiration": 0,
        "status_text": "",
        "team": "T0475L7BATY",
        "title": "",
        "image_24": "https://secure.gravatar.com/avatar/b8ed359661a6f4ff7df813c8ba437dd1.jpg?s=24&d=https%3A%2F%2Fa.slack-edge.com%2Fdf10d%2Fimg%2Favatars%2Fava_0005-24.png",
        "image_32": "https://secure.gravatar.com/avatar/b8ed359661a6f4ff7df813c8ba437dd1.jpg?s=32&d=https%3A%2F%2Fa.slack-edge.com%2Fdf10d%2Fimg%2Favatars%2Fava_0005-32.png",
        "image_48": "https://secure.gravatar.com/avatar/b8ed359661a6f4ff7df813c8ba437dd1.jpg?s=48&d=https%3A%2F%2Fa.slack-edge.com%2Fdf10d%2Fimg%2Favatars%2Fava_0005-48.png",
        "image_72": "https://secure.gravatar.com/avatar/b8ed359661a6f4ff7df813c8ba437dd1.jpg?s=72&d=https%3A%2F%2Fa.slack-edge.com%2Fdf10d%2Fimg%2Favatars%2Fava_0005-72.png",
        "image_192": "https://secure.gravatar.com/avatar/b8ed359661a6f4ff7df813c8ba437dd1.jpg?s=192&d=https%3A%2F%2Fa.slack-edge.com%2Fdf10d%2Fimg%2Favatars%2Fava_0005-192.png",
        "image_512": "https://secure.gravatar.com/avatar/b8ed359661a6f4ff7df813c8ba437dd1.jpg?s=512&d=https%3A%2F%2Fa.slack-edge.com%2Fdf10d%2Fimg%2Favatars%2Fava_0005-512.png"
      },
      "tz": "Asia/Kuala_Lumpur",
      "tz_label": "Singapore Standard Time",
      "tz_offset": 28800,
      "updated": 1673004214
    },
    {
      "id": "U047X1F32SD",
      "is_bot": true,
      "profile": {
        "display_name": "",
        "display_name_normalized": "",
        "first_name": "monorobot-test",
        "phone": "",
        "real_name": "monorobot-test",
        "real_name_normalized": "monorobot-test",
        "status_emoji": "",
        "status_expiration": 0,
        "status_text": "",
        "team": "T0475L7BATY",
        "title": "",
        "image_24": "https://secure.gravatar.com/avatar/8e13871b50d30cf120c37e7342159913.jpg?s=24&d=https%3A%2F%2Fa.slack-edge.com%2Fdf10d%2Fimg%2Favatars%2Fava_0002-24.png",
        "image_32": "https://secure.gravatar.com/avatar/8e13871b50d30cf120c37e7342159913.jpg?s=32&d=https%3A%2F%2Fa.slack-edge.com%2Fdf10d%2Fimg%2Favatars%2Fava_0002-32.png",
        "image_48": "https://secure.gravatar.com/avatar/8e13871b50d30cf120c37e7342159913.jpg?s=48&d=https%3A%2F%2Fa.slack-edge.com%2Fdf10d%2Fimg%2Favatars%2Fava_0002-48.png",
        "image_72": "https://secure.gravatar.com/avatar/8e13871b50d30cf120c37e7342159913.jpg?s=72&d=https%3A%2F%2Fa.slack-edge.com%2Fdf10d%2Fimg%2Favatars%2Fava_0002-72.png",
        "image_192": "https://secure.gravatar.com/avatar/8e13871b50d30cf120c37e7342159913.jpg?s=192&d=https%3A%2F%2Fa.slack-edge.com%2Fdf10d%2Fimg%2Favatars%2Fava_0002-192.png",
        "image_512": "https://secure.gravatar.com/avatar/8e13871b50d30cf120c37e7342159913.jpg?s=512&d=https%3A%2F%2Fa.slack-edge.com%2Fdf10d%2Fimg%2Favatars%2Fava_0002-512.png"
      },
      "tz": "America/Los_Angeles",
      "tz_label": "Pacific Daylight Time",
      "tz_offset": -25200,
      "updated": 1666344051
    },
    {
      "id": "U04A3C2LC6N",
      "is_bot": true,
      "profile": {
        "display_name": "",
        "display_name_normalized": "",
        "first_name": "chatops.ml",
        "phone": "",
        "real_name": "chatops.ml",
        "real_name_normalized": "chatops.ml",
        "status_emoji": "",
        "status_expiration": 0,
        "status_text": "",
        "team": "T0475L7BATY",
        "title": "",
        "image_24": "https://secure.gravatar.com/avatar/ea4f76ce4a101864b54af1854d5bfe9c.jpg?s=24&d=https%3A%2F%2Fa.slack-edge.com%2Fdf10d%2Fimg%2Favatars%2Fava_0000-24.png",
        "image_32": "https://secure.gravatar.com/avatar/ea4f76ce4a101864b54af1854d5bfe9c.jpg?s=32&d=https%3A%2F%2Fa.slack-edge.com%2Fdf10d%2Fimg%2Favatars%2Fava_0000-32.png",
        "image_48": "https://secure.gravatar.com/avatar/ea4f76ce4a101864b54af1854d5bfe9c.jpg?s=48&d=https%3A%2F%2Fa.slack-edge.com%2Fdf10d%2Fimg%2Favatars%2Fava_0000-48.png",
        "image_72": "https://secure.gravatar.com/avatar/ea4f76ce4a101864b54af1854d5bfe9c.jpg?s=72&d=https%3A%2F%2Fa.slack-edge.com%2Fdf10d%2Fimg%2Favatars%2Fava_0000-72.png",
        "image_192": "https://secure.gravatar.com/avatar/ea4f76ce4a101864b54af1854d5bfe9c.jpg?s=192&d=https%3A%2F%2Fa.slack-edge.com%2Fdf10d%2Fimg%2Favatars%2Fava_0000-192.png",
        "image_512": "https://secure.gravatar.com/avatar/ea4f76ce4a101864b54af1854d5bfe9c.jpg?s=512&d=https%3A%2F%2Fa.slack-edge.com%2Fdf10d%2Fimg%2Favatars%2Fava_0000-512.png"
      },
      "tz": "America/Los_Angeles",
      "tz_label": "Pacific Daylight Time",
      "tz_offset": -25200,
      "updated": 1674020738
    },
    {
      "id": "U04D7HU80BT",
      "profile": {
        "display_name": "",
        "display_name_normalized": "",
        "email": "sewenthy@gmail.com",
        "first_name": "sewen",
        "phone": "",
        "real_name": "sewen",
        "real_name_normalized": "sewen",
        "status_emoji": "",
        "status_expiration": 0,
        "status_text": "",
        "team": "T0475L7BATY",
        "title": "",
        "image_24": "https://secure.gravatar.com/avatar/eed6bdc85f9109b6864908bc48371916.jpg?s=24&d=https%3A%2F%2Fa.slack-edge.com%2Fdf10d%2Fimg%2Favatars%2Fava_0025-24.png",
        "image_32": "https://secure.gravatar.com/avatar/eed6bdc85f9109b6864908bc48371916.jpg?s=32&d=https%3A%2F%2Fa.slack-edge.com%2Fdf10d%2Fimg%2Favatars%2Fava_0025-32.png",
        "image_48": "https://secure.gravatar.com/avatar/eed6bdc85f9109b6864908bc48371916.jpg?s=48&d=https%3A%2F%2Fa.slack-edge.com%2Fdf10d%2Fimg%2Favatars%2Fava_0025-48.png",
        "image_72": "https://secure.gravatar.com/avatar/eed6bdc85f9109b6864908bc48371916.jpg?s=72&d=https%3A%2F%2Fa.slack-edge.com%2Fdf10d%2Fimg%2Favatars%2Fava_0025-72.png",
        "image_192": "https://secure.gravatar.com/avatar/eed6bdc85f9109b6864908bc48371916.jpg?s=192&d=https%3A%2F%2Fa.slack-edge.com%2Fdf10d%2Fimg%2Favatars%2Fava_0025-192.png",
        "image_512": "https://secure.gravatar.com/avatar/eed6bdc85f9109b6864908bc48371916.jpg?s=512&d=https%3A%2F%2Fa.slack-edge.com%2Fdf10d%2Fimg%2Favatars%2Fava_0025-512.png"
      },
      "tz": "Asia/Kuala_Lumpur",
      "tz_label": "Singapore Standard Time",
      "tz_offset": 28800,
      "updated": 1688437343
    }
  ],
  "response_metadata": { "next_cursor": "" }
}
add_bookmark_to_channel_id_of--------channel_id: C1RQ000--------
adding bookmark (title bookmark-1, type link) to channel_id #C1RQ000...
{
  "ok": true,
  "bookmark": {
    "id": "Bk033XFJ9BTJ",
    "channel_id": "C1RQ000",
    "title": "bookmark-1",
    "link": "https://google.com"
  }
}
edit_bookmark_to_channel_id_of--------channel_id: Bk033XFJ9BTJ--------
editting bookmark C1RQ000 at channel_id #Bk033XFJ9BTJ...
{
  "ok": true,
  "bookmark": {
    "id": "Bk033XFJ9BTJ",
    "channel_id": "C1RQ000",
    "title": "bookmark-1",
    "link": "https://google.com"
  }
}
list_bookmarks_to_channel_id_of--------channel_id: C1RQ000--------
listing bookmarks at channel_id #C1RQ000...
{
  "ok": true,
  "bookmarks": [
    {
      "id": "Bk123ABC4DEF",
      "channel_id": "C1RQ000",
      "title": "bookmark-1",
      "link": "https://google.com"
    }
  ]
}
remove_bookmark_to_channel_id_of--------channel_id: Bk033XFJ9BTJ--------
removing bookmark C1RQ000 at channel_id #Bk033XFJ9BTJ...
{ "ok": true }
open_views----------------
opening views at trigger_id #ref1...
{
  "ok": true,
  "view": {
    "type": "modal",
    "title": { "type": "plain_text", "text": "Quite a plain modal" },
    "blocks": [
      {
        "type": "input",
        "label": {
          "type": "plain_text",
          "text": "A simple label",
          "emoji": true
        },
        "element": {
          "type": "plain_text_input",
          "action_id": "an_action_id"
        },
        "block_id": "a_block_id",
        "optional": false
      }
    ],
    "submit": { "type": "plain_text", "text": "Create" },
    "private_metadata": "Shh it is a secret",
    "callback_id": "identify_your_modals",
    "clear_on_close": false,
    "notify_on_close": false,
    "external_id": ""
  }
}
open_views----------------
opening views at interactivity_pointer #ref1...
{
  "ok": true,
  "view": {
    "type": "modal",
    "title": { "type": "plain_text", "text": "Quite a plain modal" },
    "blocks": [
      {
        "type": "input",
        "label": {
          "type": "plain_text",
          "text": "A simple label",
          "emoji": true
        },
        "element": {
          "type": "plain_text_input",
          "action_id": "an_action_id"
        },
        "block_id": "a_block_id",
        "optional": false
      }
    ],
    "submit": { "type": "plain_text", "text": "Create" },
    "private_metadata": "Shh it is a secret",
    "callback_id": "identify_your_modals",
    "clear_on_close": false,
    "notify_on_close": false,
    "external_id": ""
  }
}
open_views----------------
failed to open views: "Both trigger_id and interactivity_pointer found"
open_views----------------
failed to open views: "Both trigger_id and interactivity_pointer not found"
push_views----------------
pushing views at trigger_id #ref1...
{
  "ok": true,
  "view": {
    "type": "modal",
    "title": { "type": "plain_text", "text": "Pushed Modal", "emoji": true },
    "blocks": [
      {
        "type": "input",
        "label": { "type": "plain_text", "text": "Edit details" },
        "element": {
          "type": "plain_text_input",
          "action_id": "detail_input"
        },
        "block_id": "edit_details"
      }
    ],
    "close": { "type": "plain_text", "text": "Back", "emoji": true },
    "submit": { "type": "plain_text", "text": "Save", "emoji": true },
    "private_metadata": "",
    "callback_id": "view_4",
    "clear_on_close": true,
    "notify_on_close": false,
    "external_id": ""
  }
}
push_views----------------
pushing views at interactivity_pointer #ref1...
{
  "ok": true,
  "view": {
    "type": "modal",
    "title": { "type": "plain_text", "text": "Pushed Modal", "emoji": true },
    "blocks": [
      {
        "type": "input",
        "label": { "type": "plain_text", "text": "Edit details" },
        "element": {
          "type": "plain_text_input",
          "action_id": "detail_input"
        },
        "block_id": "edit_details"
      }
    ],
    "close": { "type": "plain_text", "text": "Back", "emoji": true },
    "submit": { "type": "plain_text", "text": "Save", "emoji": true },
    "private_metadata": "",
    "callback_id": "view_4",
    "clear_on_close": true,
    "notify_on_close": false,
    "external_id": ""
  }
}
push_views----------------
failed to push views: "Both trigger_id and interactivity_pointer found"
push_views----------------
failed to push views: "Both trigger_id and interactivity_pointer not found"
update_views----------------
updating views at view_id #ref1...
{
  "ok": true,
  "view": {
    "type": "modal",
    "title": { "type": "plain_text", "text": "Updated Modal", "emoji": true },
    "blocks": [
      {
        "type": "section",
        "text": {
          "type": "plain_text",
          "text": "I am but an updated modal",
          "emoji": true
        },
        "block_id": "s_block",
        "accessory": {
          "type": "button",
          "text": { "type": "plain_text", "text": "Click me" },
          "action_id": "button_4"
        }
      }
    ],
    "close": { "type": "plain_text", "text": "Close", "emoji": true },
    "private_metadata": "",
    "callback_id": "view_2",
    "clear_on_close": true,
    "notify_on_close": false,
    "external_id": ""
  }
}
update_views----------------
updating views at external_id #ref1...
{
  "ok": true,
  "view": {
    "type": "modal",
    "title": { "type": "plain_text", "text": "Updated Modal", "emoji": true },
    "blocks": [
      {
        "type": "section",
        "text": {
          "type": "plain_text",
          "text": "I am but an updated modal",
          "emoji": true
        },
        "block_id": "s_block",
        "accessory": {
          "type": "button",
          "text": { "type": "plain_text", "text": "Click me" },
          "action_id": "button_4"
        }
      }
    ],
    "close": { "type": "plain_text", "text": "Close", "emoji": true },
    "private_metadata": "",
    "callback_id": "view_2",
    "clear_on_close": true,
    "notify_on_close": false,
    "external_id": ""
  }
}
update_views----------------
failed to update views: "Both external_id and view_id found"
update_views----------------
failed to update views: "Both external_id and view_id not found"
===== file mock-slack-events/link_shared.json =====
{
  "token": "",
  "team_id": "SOMETEAMID",
  "api_app_id": "SOMEAPPID",
  "event": {
    "type": "link_shared",
    "channel": "C047QTRD1CH",
    "is_bot_user_member": false,
    "user": "U046XN0M2R5",
    "message_ts": "1666773089.275449",
    "links": [ { "domain": "example.com", "url": "https://example.com" } ],
    "source": "conversations_history"
  },
  "event_id": "Ev0481R38J69",
  "event_time": 1666773089
}
===== file mock-slack-events/links_shared.json =====
{
  "token": "",
  "team_id": "SOMETEAMID",
  "api_app_id": "SOMEAPPID",
  "event": {
    "type": "link_shared",
    "channel": "C047QTRD1CH",
    "is_bot_user_member": false,
    "user": "U046XN0M2R5",
    "message_ts": "1666773089.275449",
    "links": [
      { "domain": "example.com", "url": "https://example.com" },
      { "domain": "google.com", "url": "https://google.com" }
    ],
    "source": "conversations_history"
  },
  "event_id": "Ev0481R38J69",
  "event_time": 1666773089
}
===== file mock-slack-events/message_bot.json =====
{
  "token": "",
  "team_id": "SOMETEAMID",
  "api_app_id": "SOMEAPPID",
  "event": {
    "type": "message",
    "subtype": "bot_message",
    "channel": "C049XFXK286",
    "text": "`some text`",
    "ts": "1668474814.931949",
    "bot_id": "SOMEBOTID"
  },
  "event_id": "Ev04B9TH8401",
  "event_time": 1668474814
}
===== file mock-slack-events/message_bot_upload_file.json =====
{
  "token": "",
  "team_id": "SOMETEAMID",
  "api_app_id": "SOMEAPPID",
  "event": {
    "type": "message",
    "subtype": "file_share",
    "channel": "C049XFXK286",
    "user": "U04A3C2LC6N",
    "text": "",
    "ts": "1671595066.592719"
  },
  "event_id": "Ev04G41LD735",
  "event_time": 1671595066
}
===== file mock-slack-events/message_in_thread.json =====
{
  "token": "",
  "team_id": "SOMETEAMID",
  "api_app_id": "SOMEAPPID",
  "event": {
    "type": "message",
    "channel": "C049XFXK286",
    "user": "U046XN0M2R5",
    "text": "help in thread",
    "ts": "1674711838.181849",
    "thread_ts": "1674711827.215549"
  },
  "event_id": "Ev04LPED3RN0",
  "event_time": 1674711838
}
===== file mock-slack-events/message_private.json =====
{
  "token": "",
  "team_id": "SOMETEAMID",
  "api_app_id": "SOMEAPPID",
  "event": {
    "type": "message",
    "channel": "D049WPTCGMC",
    "user": "U046XN0M2R5",
    "text": "some text",
    "ts": "1669627053.679029"
  },
  "event_id": "Ev04CP59GA3U",
  "event_time": 1669627053
}
===== file mock-slack-events/message_send_as_user.json =====
{
  "token": "",
  "team_id": "SOMETEAMID",
  "api_app_id": "SOMEAPPID",
  "event": {
    "type": "message",
    "subtype": "bot_message",
    "channel": "C04LJ2662DT",
    "text": "`help`",
    "ts": "1675045861.113699",
    "bot_id": "SOMEBOTID"
  },
  "event_id": "Ev04M1KPDQM9",
  "event_time": 1675045861
}
===== file mock-slack-events/message_updated.json =====
{
  "token": "",
  "team_id": "SOMETEAMID",
  "api_app_id": "SOMEAPPID",
  "event": {
    "type": "message",
    "subtype": "message_changed",
    "channel": "D049WPTCGMC",
    "ts": "1669265351.000400"
  },
  "event_id": "Ev04C7PRDB53",
  "event_time": 1669265351
}
===== file mock-slack-interactions/block_action1.json =====
{
  "type": "block_actions",
  "trigger_id": "12321423423.333649436676.d8c1bb837935619ccad0f624c448ffb3",
  "token": "9s8d9as89d8as9d8as989",
  "team": { "id": "T9TK3CUKW", "domain": "example" },
  "response_url": "https://hooks.slack.com/actions/AABA1ABCD/1232321423432/D09sSasdasdAS9091209",
  "message": {
    "user": "UAJ2RU415",
    "ts": "1548261231.000200",
    "text": "This content can't be displayed."
  },
  "user": {
    "id": "UA8RXUSPL",
    "username": "jtorrance",
    "team_id": "T9TK3CUKW"
  },
  "channel": { "id": "CBR2V3XEX", "name": "review-updates" },
  "actions": [
    {
      "action_id": "WaXA",
      "block_id": "=qXel",
      "type": "button",
      "action_ts": "1548426417.840180",
      "value": "click_me_123"
    }
  ]
}
===== file mock-slack-interactions/block_action2.json =====
{
  "type": "block_actions",
  "trigger_id": "24571818370.22717085937.b9c7ca14b87be6b44ff5864edba8306f",
  "token": "9s8d9as89d8as9d8as989",
  "team": { "id": "T9TK3CUKW", "domain": "example" },
  "user": {
    "id": "UA8RXUSPL",
    "name": "jtorrance",
    "username": "jtorrance",
    "team_id": "T9TK3CUKW"
  },
  "actions": [
    {
      "action_id": "XRX",
      "block_id": "7fhg",
      "type": "button",
      "action_ts": "1571318425.267782"
    }
  ]
}
===== file mock-slack-interactions/global_shortcut.json =====
{
  "type": "shortcut",
  "trigger_id": "944799105734.773906753841.38b5894552bdd4a780554ee59d1f3638",
  "token": "XXXXXXXXXXXXX",
  "team": { "id": "TXXXXXXXX", "domain": "shortcuts-test" },
  "callback_id": "shortcut_create_task",
  "user": { "id": "UXXXXXXXXX", "username": "aman", "team_id": "TXXXXXXXX" }
}
===== file mock-slack-interactions/message_shortcut.json =====
{
  "type": "message_action",
  "trigger_id": "13345224609.8534564800.6f8ab1f53e13d0cd15f96106292d5536",
  "token": "Nj2rfC2hU8mAfgaJLemZgO7H",
  "team": { "id": "T0MJRM1A7", "domain": "pandamonium" },
  "callback_id": "chirp_message",
  "response_url": "https://hooks.slack.com/app-actions/T0MJR11A4/21974584944/yk1S9ndf35Q1flupVG5JbpM6",
  "message": {
    "user": "U0MJRG1AL",
    "ts": "1516229207.000133",
    "text": "World's smallest big cat! <https://youtube.com/watch?v=W86cTIoMv2U>"
  },
  "user": { "id": "U0D15K92L", "name": "dr_maomao" },
  "channel": { "id": "D0LFFBKLZ", "name": "cats" }
}
===== file mock-slack-interactions/message_shortcut.www =====
{
  "type": "message_action",
  "trigger_id": "7846996185716.7742401506567.765fbc775e9236446b5284868c907fc7",
  "token": "XXXXX",
  "team": { "id": "T07MUBTEWGP", "domain": "testworkspace-jrm5644" },
  "callback_id": "bc_create",
  "response_url": "https://hooks.slack.com/app/T07MUBTEWGP/7857176821457/Gjp1XOnzOCKndQZ47NQTT47i",
  "message": {
    "user": "U07NBD2PZ36",
    "ts": "1728287349.707269",
    "text": "hello i need some help this is a long message that will be shortened by slack police"
  },
  "user": {
    "id": "U07NBD2PZ36",
    "name": "koonwen.lee",
    "username": "koonwen.lee",
    "team_id": "T07MUBTEWGP"
  },
  "channel": { "id": "C07N62BSZ9B", "name": "social" }
}
===== file mock-slack-interactions/view_closed.json =====
{
  "type": "view_closed",
  "team": { "id": "TXXXXXX", "domain": "coverbands" },
  "user": { "id": "UXXXXXX", "name": "dreamweaver" },
  "api_app_id": "AXXXXXX",
  "is_cleared": false
}
===== file mock-slack-interactions/view_submission.json =====
{
  "type": "view_submission",
  "view": {
    "id": "VNHU13V36",
    "type": "modal",
    "private_metadata": "shhh-its-secret",
    "callback_id": "modal-with-inputs",
    "state": {
      "values": {
        "multiline": {
          "mlvalue": {
            "type": "plain_text_input",
            "value": "This is my example inputted value"
          }
        },
        "target_channel": {
          "target_select": {
            "type": "conversations_select",
            "selected_conversation": "C123B12DE"
          }
        }
      }
    },
    "hash": "156663117.cd33ad1f",
    "response_urls": [
      {
        "block_id": "target_channel",
        "action_id": "target_select",
        "channel_id": "C123B12DE",
        "response_url": "https://hooks.slack.com/app/ABC12312/1234567890/A100B100C100d100"
      }
    ]
  }
}
(Slex.UrlLink ("http://example.com", (Some "example link")))
(Slex.UrlLink ("http://example.com", None))
(Slex.ChannelLink ("#C0838UC2D", (Some "general")))
(Slex.UserMention "<@UNIOCDINAO>")
(Slex.UserGroupMention "<!subteam^UIAOBCD>")
(Slex.UrlLink ("!special mention", None))
(Slex.Emoji ":star-struck:")
(Slex.Word "smile")
(Slex.InlineCode "inline code")
(Slex.CodeBlock "codeblock\ntype poly = [ `Foo | `Bar ]\n")
